Dot-file graph.dot generated
/page2.html (2 hits)
/page3.html (1 hits)
