Erreur syntaxe : ./bin/analog [-e] [-t heure] [-g nomGraphe.dot] <fichierLogs.log|fichierLogs.txt>
